[e1] 104 features (9 categorical); dropped 32 constant/all-missing in train
0:	test: 0.6632142	best: 0.6632142 (0)	total: 306ms	remaining: 15m 16s
250:	test: 0.7023789	best: 0.7023789 (250)	total: 36.3s	remaining: 6m 37s
500:	test: 0.7040503	best: 0.7044489 (412)	total: 1m 12s	remaining: 6m 2s
750:	test: 0.7047393	best: 0.7047695 (736)	total: 1m 43s	remaining: 5m 11s
Stopped by overfitting detector  (200 iterations wait)

bestTest = 0.7047695209
bestIteration = 736

Shrink model to first 737 iterations.

==== E1 (E0 + PCA-reduced sentence embeddings of desc) ====
embeddings: BAAI/bge-small-en-v1.5 384d -> 32 PCs (58.9% of train variance)
best iteration 736, fit 136s
Gini train (in-sample)  0.5259
Gini val (model select) 0.4095
Gini test               0.4209  [0.4029, 0.4403]
AUC  test               0.7104  [0.7014, 0.7202]
Brier test              0.1224  [0.1190, 0.1258]   skill 0.0763
Mean PD test 0.1567 vs observed 0.1573
PSI score  train_vs_val 0.0009  train_vs_test 0.0016  val_vs_test 0.0007

Gini by issue quarter (test, periods with n >= min_period_n):
period     n  defaults   gini  ci_low  ci_high
2013Q4  4641       714 0.4185  0.3802   0.4587
2014Q1 15124      2394 0.4238  0.4013   0.4456

Top 15 by importance:
int_rate                10.512
grade                    6.681
term                     4.616
annual_inc               4.054
loan_to_income           3.074
inq_last_6mths           2.906
acc_open_past_24mths     2.709
sub_grade                2.543
emb_pc_13                2.341
purpose                  2.091
emb_pc_01                1.972
fico_mid                 1.942
emb_pc_00                1.891
emb_pc_05                1.733
emb_pc_18                1.718

== E1 vs E0 (paired bootstrap, 1000 resamples, same 19,858 test loans) ==
Gini  0.4209 vs 0.4166   diff +0.0043  [-0.0017, +0.0102]   P(diff <= 0) = 0.079
Brier diff -0.0003  [-0.0007, +0.0001]   (negative = e1 better)
  2013Q4  n=4,641  Gini diff -0.0047  [-0.0166, +0.0073]
  2014Q1  n=15,124  Gini diff +0.0067  [-0.0008, +0.0139]

Wrote reports\runs\e1/ and reports\figures/e1_*.png
